
[1m[46m RUN [49m[22m [36mv3.2.4 [39m[90mC:/Users/Henry/OneDrive/獢/amd_hackson[39m

 [31m??[39m tests/agent.test.ts [2m([22m[2m4 tests[22m[2m | [22m[31m2 failed[39m[2m)[22m[32m 28[2mms[22m[39m
   [32m??[39m Agent Tools[2m > [22mshould search for components[32m 4[2mms[22m[39m
   [32m??[39m Agent Tools[2m > [22mshould get component price[32m 1[2mms[22m[39m
[31m   [31m?[31m Agent Tools[2m > [22mshould check compatibility (success)[39m[32m 16[2mms[22m[39m
[31m     ??Cannot find module './compatibility'
Require stack:
- C:\Users\Henry\OneDrive\獢\amd_hackson\src\lib\tools.ts[39m
[31m   [31m?[31m Agent Tools[2m > [22mshould check compatibility (failure - low PSU)[39m[32m 3[2mms[22m[39m
[31m     ??Cannot find module './compatibility'
Require stack:
- C:\Users\Henry\OneDrive\獢\amd_hackson\src\lib\tools.ts[39m
node.exe : 
位於 C:\Program Files\n
odejs\npx.ps1:29 字元:3
+   & $NODE_EXE $NPX_
CLI_JS $args
+   ~~~~~~~~~~~~~~~~~
~~~~~~~~~~~~
    + CategoryInfo   
           : NotSpe  
  cified: (:String   
 ) [], RemoteExce    
ption
    + FullyQualified 
   ErrorId : Native  
  CommandError
 
[31m?胼?胼?胼??[39m
[1m[41m Failed Tests
 2 [49m[22m[31m?胼
?胼?胼??[39m

[41m[1m FAIL [22m
[49m tests/agent.test
.ts[2m > [22mAgent 
Tools[2m > [22mshou
ld check compatibilit
y (success)
[31m[1mError[22m: 
Cannot find module '.
/compatibility'
Require stack:
- C:\Users\Henry\OneD
rive\獢\amd_hackson\
src\lib\tools.ts[39m
[36m [2m??[22m chec
kCompatibilityTool sr
c/lib/tools.ts:[2m12
1:83[22m[39m
    [90m119| [39m  
  [90m// I will use 
those.[39m
    [90m120| [39m
    [90m121| [39m  
  const { checkPSUCom
patibility, checkTher
malCompatibility, che
ckBot??    [90m   | 
[39m                
                     
                     
                     
   [31m^[39m
    [90m122| [39m
    [90m123| [39m  
  [35mconst[39m psu
Check [33m=[39m [3
4mcheckPSUCompatibili
ty[39m(fullComponent
s)[33m;[39m
[90m [2m??[22m test
s/agent.test.ts:[2m2
4:30[22m[39m

[31m[2m?胼?胼?胼?胼
?胼?胼?胼?胼?胼?胼?胼
?胼[1/2]??[22m[39m

[41m[1m FAIL [22m
[49m tests/agent.test
.ts[2m > [22mAgent 
Tools[2m > [22mshou
ld check compatibilit
y (failure - low PSU)
[31m[1mError[22m: 
Cannot find module '.
/compatibility'
Require stack:
- C:\Users\Henry\OneD
rive\獢\amd_hackson\
src\lib\tools.ts[39m
[36m [2m??[22m chec
kCompatibilityTool sr
c/lib/tools.ts:[2m12
1:83[22m[39m
    [90m119| [39m  
  [90m// I will use 
those.[39m
    [90m120| [39m
    [90m121| [39m  
  const { checkPSUCom
patibility, checkTher
malCompatibility, che
ckBot??    [90m   | 
[39m                
                     
                     
                     
   [31m^[39m
    [90m122| [39m
    [90m123| [39m  
  [35mconst[39m psu
Check [33m=[39m [3
4mcheckPSUCompatibili
ty[39m(fullComponent
s)[33m;[39m
[90m [2m??[22m test
s/agent.test.ts:[2m4
1:30[22m[39m

[31m[2m?胼?胼?胼?胼
?胼?胼?胼?胼?胼?胼?胼
?胼[2/2]??[22m[39m


[2m Test Files [22m [1m[31m1 failed[39m[22m[90m (1)[39m
[2m      Tests [22m [1m[31m2 failed[39m[22m[2m | [22m[1m[32m2 passed[39m[22m[90m (4)[39m
[2m   Start at [22m 14:30:43
[2m   Duration [22m 4.85s[2m (transform 238ms, setup 381ms, collect 106ms, tests 28ms, environment 2.35s, prepare 850ms)[22m

